// Jest Snapshot v1, https://goo.gl/fbAQLP

exports[`Layout router renders as expected 1`] = `ShallowWrapper {}`;
